// Jest Snapshot v1, https://goo.gl/fbAQLP

exports[`Test Profile component Renders well 1`] = `
<section
  className="profilePage"
>
  <div
    className="mission-reserve"
  >
    <h2>
      My Missions
    </h2>
    <table
      className="tmission"
    >
      <tbody>
        <p>
          No Mission Joined
        </p>
      </tbody>
    </table>
  </div>
  <div
    className="rocket-reserve"
  >
    <h2>
       My Rockects
    </h2>
    <table
      className="trocket"
    >
      <tbody
        className="display me"
      >
        <p
          className="title-three"
        >
          No Rocket booked 
        </p>
      </tbody>
    </table>
  </div>
</section>
`;
